
[1m[46m RUN [49m[22m [36mv3.2.4 [39m[90mC:/Users/Arkash/Desktop/ucl/talkable-web[39m

 [32mÔ£ô[39m src/services/graniteService.test.ts[2m > [22mgenerateRankedCandidates ÔÇô env + plumbing[2m > [22mthrows if required env is missing[32m 190[2mms[22m[39m
 [32mÔ£ô[39m src/services/graniteService.test.ts[2m > [22mgenerateRankedCandidates ÔÇô env + plumbing[2m > [22mrequests a token once (cached) and calls generateOnce N times from perCallInstructions[32m 40[2mms[22m[39m
 [32mÔ£ô[39m src/services/graniteService.test.ts[2m > [22mgenerateRankedCandidates ÔÇô env + plumbing[2m > [22mdrops failed generations and still returns a coverage-based shortlist (3ÔÇô6)[32m 13[2mms[22m[39m
 [32mÔ£ô[39m src/services/graniteService.test.ts[2m > [22mgenerateRankedCandidates ÔÇô env + plumbing[2m > [22mrespects preferCount within [minReturn, maxReturn] after coverage is met[32m 7[2mms[22m[39m
[90mstdout[2m | src/services/firestoreService.test.ts[2m > [22m[2mfirestoreService (Firestore-only)[2m > [22m[2mensureOnlineConversation reuses existing or creates new
[22m[39mhere

[90mstdout[2m | src/services/firestoreService.test.ts[2m > [22m[2mfirestoreService (Firestore-only)[2m > [22m[2mensureOnlineConversation reuses existing or creates new
[22m[39mhere

[90mstdout[2m | src/app/hooks/__tests__/useVoiceControl.int.test.tsx[2m > [22m[2museVoiceControl ÔÇô finalize on silence integration[2m > [22m[2mstarts listening, detects silence, stops listening, calls model, emits responses
[22m[39mContext for AI: [ [32m'guest: Hello there from mic'[39m ]

[90mstdout[2m | src/app/hooks/__tests__/useVoiceControl.int.test.tsx[2m > [22m[2museVoiceControl ÔÇô finalize on silence integration[2m > [22m[2mstarts listening, detects silence, stops listening, calls model, emits responses
[22m[39mAI responses: { candidates: [ { text: [32m'Option A'[39m } ], meta: { model_id: [32m'test'[39m } }

 [32mÔ£ô[39m src/services/firestoreService.test.ts[2m > [22mfirestoreService (Firestore-only)[2m > [22maddUser creates/merges a user with server timestamp[32m 4[2mms[22m[39m
 [32mÔ£ô[39m src/services/firestoreService.test.ts[2m > [22mfirestoreService (Firestore-only)[2m > [22mupdateUser patches existing user fields[32m 1[2mms[22m[39m
 [32mÔ£ô[39m src/services/firestoreService.test.ts[2m > [22mfirestoreService (Firestore-only)[2m > [22mdeleteUser removes user and their inbox items[32m 2[2mms[22m[39m
 [32mÔ£ô[39m src/services/firestoreService.test.ts[2m > [22mfirestoreService (Firestore-only)[2m > [22mgetUsers lists directory entries and can exclude a uid[32m 2[2mms[22m[39m
 [32mÔ£ô[39m src/services/firestoreService.test.ts[2m > [22mfirestoreService (Firestore-only)[2m > [22mcreateLiveConversation creates convo + inbox for owner[32m 1[2mms[22m[39m
 [32mÔ£ô[39m src/services/firestoreService.test.ts[2m > [22mfirestoreService (Firestore-only)[2m > [22mcreateOnlineConversationSafe creates convo and both inbox entries[32m 1[2mms[22m[39m
 [32mÔ£ô[39m src/services/firestoreService.test.ts[2m > [22mfirestoreService (Firestore-only)[2m > [22mfindOnlineConversationBetweenByMembers finds existing by members map[32m 1[2mms[22m[39m
 [32mÔ£ô[39m src/services/firestoreService.test.ts[2m > [22mfirestoreService (Firestore-only)[2m > [22mensureOnlineConversation reuses existing or creates new[32m 2[2mms[22m[39m
 [32mÔ£ô[39m src/services/firestoreService.test.ts[2m > [22mfirestoreService (Firestore-only)[2m > [22msendMessage writes message, updates convo + both inbox items[32m 2[2mms[22m[39m
 [32mÔ£ô[39m src/services/firestoreService.test.ts[2m > [22mfirestoreService (Firestore-only)[2m > [22msendMessage enforces sender membership for online conversations[32m 3[2mms[22m[39m
 [32mÔ£ô[39m src/services/firestoreService.test.ts[2m > [22mfirestoreService (Firestore-only)[2m > [22msendMessage allows owner or guest in live conversations[32m 2[2mms[22m[39m
 [32mÔ£ô[39m src/services/firestoreService.test.ts[2m > [22mfirestoreService (Firestore-only)[2m > [22mgetInboxPage returns items and a nextCursor[32m 1[2mms[22m[39m
 [32mÔ£ô[39m src/app/hooks/__tests__/useVoiceControl.int.test.tsx[2m > [22museVoiceControl ÔÇô finalize on silence integration[2m > [22mstarts listening, detects silence, stops listening, calls model, emits responses[32m 48[2mms[22m[39m
 [32mÔ£ô[39m src/app/hooks/__tests__/useVoiceControl.int.test.tsx[2m > [22museVoiceControl ÔÇô finalize on silence integration[2m > [22mdoes nothing if browser STT unsupported[32m 7[2mms[22m[39m
 [32mÔ£ô[39m src/app/hooks/__tests__/useVoiceControl.int.test.tsx[2m > [22museVoiceControl ÔÇô regenerate flow[2m > [22muses latest message and toggles loading around getCandidates[32m 9[2mms[22m[39m
 [32mÔ£ô[39m src/app/hooks/__tests__/useOnlineChat.int.test.tsx[2m > [22museOnlineChat (integration)[2m > [22msubscribes to messages and sorts by sentAt (oldestÔåÆnewest)[32m 63[2mms[22m[39m
 [32mÔ£ô[39m src/app/hooks/__tests__/useOnlineChat.int.test.tsx[2m > [22museOnlineChat (integration)[2m > [22mswitching conversation id re-subscribes to the new one[32m 14[2mms[22m[39m
 [32mÔ£ô[39m src/services/authService.test.ts[2m > [22mauthService (unit)[2m > [22mloginUser[2m > [22mcalls signInWithEmailAndPassword with auth + credentials[32m 3[2mms[22m[39m
 [32mÔ£ô[39m src/services/authService.test.ts[2m > [22mauthService (unit)[2m > [22msignupUser[2m > [22mcalls createUserWithEmailAndPassword[32m 1[2mms[22m[39m
 [32mÔ£ô[39m src/services/authService.test.ts[2m > [22mauthService (unit)[2m > [22mlogoutUser[2m > [22mcalls signOut[32m 1[2mms[22m[39m
 [32mÔ£ô[39m src/services/authService.test.ts[2m > [22mauthService (unit)[2m > [22mrequestPasswordReset[2m > [22mtrims email and calls sendPasswordResetEmail[32m 3[2mms[22m[39m
 [32mÔ£ô[39m src/services/authService.test.ts[2m > [22mauthService (unit)[2m > [22mrequestPasswordReset[2m > [22mthrows invalid-email when empty after trim[32m 2[2mms[22m[39m
 [32mÔ£ô[39m src/services/authService.test.ts[2m > [22mauthService (unit)[2m > [22mensureEmailAvailable[2m > [22mthrows when /api/auth/check-email !ok[32m 2[2mms[22m[39m
 [32mÔ£ô[39m src/services/authService.test.ts[2m > [22mauthService (unit)[2m > [22mensureEmailAvailable[2m > [22mthrows when available=false[32m 1[2mms[22m[39m
 [32mÔ£ô[39m src/services/authService.test.ts[2m > [22mauthService (unit)[2m > [22mensureEmailAvailable[2m > [22mresolves when available=true[32m 0[2mms[22m[39m
 [32mÔ£ô[39m src/services/authService.test.ts[2m > [22mauthService (unit)[2m > [22mchangePassword[2m > [22mreturns no-current-user when not signed in[32m 1[2mms[22m[39m
 [32mÔ£ô[39m src/services/authService.test.ts[2m > [22mauthService (unit)[2m > [22mchangePassword[2m > [22mmaps reauth wrong-password to wrong-old-password[32m 1[2mms[22m[39m
 [32mÔ£ô[39m src/services/authService.test.ts[2m > [22mauthService (unit)[2m > [22mchangePassword[2m > [22mupdates password on success[32m 1[2mms[22m[39m
 [32mÔ£ô[39m src/services/authService.test.ts[2m > [22mauthService (unit)[2m > [22mchangePassword[2m > [22mmaps updatePassword weak password[32m 0[2mms[22m[39m
 [32mÔ£ô[39m src/services/authService.test.ts[2m > [22mauthService (unit)[2m > [22mchangePassword[2m > [22mmaps requires-recent-login[32m 0[2mms[22m[39m
 [32mÔ£ô[39m src/services/authService.test.ts[2m > [22mauthService (unit)[2m > [22mreauthWithPassword[2m > [22mno current user[32m 0[2mms[22m[39m
 [32mÔ£ô[39m src/services/authService.test.ts[2m > [22mauthService (unit)[2m > [22mreauthWithPassword[2m > [22mwrong password maps correctly[32m 0[2mms[22m[39m
 [32mÔ£ô[39m src/services/authService.test.ts[2m > [22mauthService (unit)[2m > [22mreauthWithPassword[2m > [22msuccess yields ok=true[32m 0[2mms[22m[39m
 [32mÔ£ô[39m src/services/authService.test.ts[2m > [22mauthService (unit)[2m > [22mdeleteAccount[2m > [22mno current user ÔåÆ no-current-user[32m 0[2mms[22m[39m
 [32mÔ£ô[39m src/services/authService.test.ts[2m > [22mauthService (unit)[2m > [22mdeleteAccount[2m > [22mrequires recent login mapped[32m 0[2mms[22m[39m
 [32mÔ£ô[39m src/services/authService.test.ts[2m > [22mauthService (unit)[2m > [22mdeleteAccount[2m > [22msuccess deletes[32m 0[2mms[22m[39m
 [32mÔ£ô[39m src/services/authService.test.ts[2m > [22mauthService (unit)[2m > [22mdeleteAccountWithPassword[2m > [22mbubbles up reauth failure[32m 0[2mms[22m[39m
 [32mÔ£ô[39m src/services/authService.test.ts[2m > [22mauthService (unit)[2m > [22mdeleteAccountWithPassword[2m > [22mreauth ok ÔåÆ calls deleteAccount[32m 0[2mms[22m[39m
 [32mÔ£ô[39m src/services/authService.test.ts[2m > [22mauthService (unit)[2m > [22mauthErrorToMessage[2m > [22mmaps known codes and defaults[32m 0[2mms[22m[39m
 [32mÔ£ô[39m src/app/hooks/__tests__/useLiveConversationSync.int.test.tsx[2m > [22museLiveConversationSync (integration)[2m > [22mcreates a live conversation on startNew and sends guest transcript[32m 42[2mms[22m[39m
 [32mÔ£ô[39m src/app/hooks/__tests__/useLiveConversationSync.int.test.tsx[2m > [22museLiveConversationSync (integration)[2m > [22mui:voicegrid:click sends user message and dedupes same text across events[32m 21[2mms[22m[39m
 [32mÔ£ô[39m src/app/components/home/__tests__/VoiceControlBar.int.test.tsx[2m > [22mVoiceControlBar (integration)[2m > [22mautoStart + Regenerate calls Granite and toggles loading[32m 90[2mms[22m[39m
[90mstdout[2m | src/app/components/home/__tests__/VoiceControlBar.int.test.tsx[2m > [22m[2mVoiceControlBar (integration)[2m > [22m[2mspeech ÔåÆ 2s silence ÔåÆ finalize: stops listening, calls Granite, shows transcript
[22m[39mContext for AI: [ [32m'guest: Hello world'[39m ]

[90mstdout[2m | src/app/components/home/__tests__/VoiceControlBar.int.test.tsx[2m > [22m[2mVoiceControlBar (integration)[2m > [22m[2mspeech ÔåÆ 2s silence ÔåÆ finalize: stops listening, calls Granite, shows transcript
[22m[39mAI responses: { candidates: [ { text: [32m'Hi there'[39m } ], meta: { model_id: [32m'test'[39m } }

 [32mÔ£ô[39m src/app/components/home/__tests__/VoiceControlBar.int.test.tsx[2m > [22mVoiceControlBar (integration)[2m > [22mspeech ÔåÆ 2s silence ÔåÆ finalize: stops listening, calls Granite, shows transcript[32m 33[2mms[22m[39m

[2m Test Files [22m [1m[32m7 passed[39m[22m[90m (7)[39m
[2m      Tests [22m [1m[32m47 passed[39m[22m[90m (47)[39m
[2m   Start at [22m 05:52:41
[2m   Duration [22m 4.96s[2m (transform 2.69s, setup 6.40s, collect 5.17s, tests 653ms, environment 10.37s, prepare 1.61s)[22m

<?xml version="1.0" encoding="UTF-8" ?>
<testsuites name="vitest tests" tests="47" failures="0" errors="0" time="0.6533998">
    <testsuite name="src/services/authService.test.ts" timestamp="2025-09-22T04:52:46.053Z" hostname="ArkPc" tests="22" failures="0" errors="0" skipped="0" time="0.0254927">
        <testcase classname="src/services/authService.test.ts" name="authService (unit) &gt; loginUser &gt; calls signInWithEmailAndPassword with auth + credentials" time="0.0027337">
        </testcase>
        <testcase classname="src/services/authService.test.ts" name="authService (unit) &gt; signupUser &gt; calls createUserWithEmailAndPassword" time="0.0007352">
        </testcase>
        <testcase classname="src/services/authService.test.ts" name="authService (unit) &gt; logoutUser &gt; calls signOut" time="0.0011699">
        </testcase>
        <testcase classname="src/services/authService.test.ts" name="authService (unit) &gt; requestPasswordReset &gt; trims email and calls sendPasswordResetEmail" time="0.0032236">
        </testcase>
        <testcase classname="src/services/authService.test.ts" name="authService (unit) &gt; requestPasswordReset &gt; throws invalid-email when empty after trim" time="0.0018285">
        </testcase>
        <testcase classname="src/services/authService.test.ts" name="authService (unit) &gt; ensureEmailAvailable &gt; throws when /api/auth/check-email !ok" time="0.0021253">
        </testcase>
        <testcase classname="src/services/authService.test.ts" name="authService (unit) &gt; ensureEmailAvailable &gt; throws when available=false" time="0.0007113">
        </testcase>
        <testcase classname="src/services/authService.test.ts" name="authService (unit) &gt; ensureEmailAvailable &gt; resolves when available=true" time="0.0004565">
        </testcase>
        <testcase classname="src/services/authService.test.ts" name="authService (unit) &gt; changePassword &gt; returns no-current-user when not signed in" time="0.0012345">
        </testcase>
        <testcase classname="src/services/authService.test.ts" name="authService (unit) &gt; changePassword &gt; maps reauth wrong-password to wrong-old-password" time="0.0005878">
        </testcase>
        <testcase classname="src/services/authService.test.ts" name="authService (unit) &gt; changePassword &gt; updates password on success" time="0.0007768">
        </testcase>
        <testcase classname="src/services/authService.test.ts" name="authService (unit) &gt; changePassword &gt; maps updatePassword weak password" time="0.0004156">
        </testcase>
        <testcase classname="src/services/authService.test.ts" name="authService (unit) &gt; changePassword &gt; maps requires-recent-login" time="0.0002539">
        </testcase>
        <testcase classname="src/services/authService.test.ts" name="authService (unit) &gt; reauthWithPassword &gt; no current user" time="0.0003078">
        </testcase>
        <testcase classname="src/services/authService.test.ts" name="authService (unit) &gt; reauthWithPassword &gt; wrong password maps correctly" time="0.0002313">
        </testcase>
        <testcase classname="src/services/authService.test.ts" name="authService (unit) &gt; reauthWithPassword &gt; success yields ok=true" time="0.0001716">
        </testcase>
        <testcase classname="src/services/authService.test.ts" name="authService (unit) &gt; deleteAccount &gt; no current user ÔåÆ no-current-user" time="0.0002844">
        </testcase>
        <testcase classname="src/services/authService.test.ts" name="authService (unit) &gt; deleteAccount &gt; requires recent login mapped" time="0.0003705">
        </testcase>
        <testcase classname="src/services/authService.test.ts" name="authService (unit) &gt; deleteAccount &gt; success deletes" time="0.0002769">
        </testcase>
        <testcase classname="src/services/authService.test.ts" name="authService (unit) &gt; deleteAccountWithPassword &gt; bubbles up reauth failure" time="0.0002802">
        </testcase>
        <testcase classname="src/services/authService.test.ts" name="authService (unit) &gt; deleteAccountWithPassword &gt; reauth ok ÔåÆ calls deleteAccount" time="0.0002909">
        </testcase>
        <testcase classname="src/services/authService.test.ts" name="authService (unit) &gt; authErrorToMessage &gt; maps known codes and defaults" time="0.0004178">
        </testcase>
    </testsuite>
    <testsuite name="src/services/firestoreService.test.ts" timestamp="2025-09-22T04:52:46.057Z" hostname="ArkPc" tests="12" failures="0" errors="0" skipped="0" time="0.0252593">
        <testcase classname="src/services/firestoreService.test.ts" name="firestoreService (Firestore-only) &gt; addUser creates/merges a user with server timestamp" time="0.0035083">
        </testcase>
        <testcase classname="src/services/firestoreService.test.ts" name="firestoreService (Firestore-only) &gt; updateUser patches existing user fields" time="0.000943">
        </testcase>
        <testcase classname="src/services/firestoreService.test.ts" name="firestoreService (Firestore-only) &gt; deleteUser removes user and their inbox items" time="0.0019942">
        </testcase>
        <testcase classname="src/services/firestoreService.test.ts" name="firestoreService (Firestore-only) &gt; getUsers lists directory entries and can exclude a uid" time="0.0018581">
        </testcase>
        <testcase classname="src/services/firestoreService.test.ts" name="firestoreService (Firestore-only) &gt; createLiveConversation creates convo + inbox for owner" time="0.0010716">
        </testcase>
        <testcase classname="src/services/firestoreService.test.ts" name="firestoreService (Firestore-only) &gt; createOnlineConversationSafe creates convo and both inbox entries" time="0.0006308">
        </testcase>
        <testcase classname="src/services/firestoreService.test.ts" name="firestoreService (Firestore-only) &gt; findOnlineConversationBetweenByMembers finds existing by members map" time="0.0010194">
        </testcase>
        <testcase classname="src/services/firestoreService.test.ts" name="firestoreService (Firestore-only) &gt; ensureOnlineConversation reuses existing or creates new" time="0.0018772">
            <system-out>
here

here

            </system-out>
        </testcase>
        <testcase classname="src/services/firestoreService.test.ts" name="firestoreService (Firestore-only) &gt; sendMessage writes message, updates convo + both inbox items" time="0.0016812">
        </testcase>
        <testcase classname="src/services/firestoreService.test.ts" name="firestoreService (Firestore-only) &gt; sendMessage enforces sender membership for online conversations" time="0.0026742">
        </testcase>
        <testcase classname="src/services/firestoreService.test.ts" name="firestoreService (Firestore-only) &gt; sendMessage allows owner or guest in live conversations" time="0.0016864">
        </testcase>
        <testcase classname="src/services/firestoreService.test.ts" name="firestoreService (Firestore-only) &gt; getInboxPage returns items and a nextCursor" time="0.0008191">
        </testcase>
    </testsuite>
    <testsuite name="src/services/graniteService.test.ts" timestamp="2025-09-22T04:52:46.059Z" hostname="ArkPc" tests="4" failures="0" errors="0" skipped="0" time="0.25328">
        <testcase classname="src/services/graniteService.test.ts" name="generateRankedCandidates ÔÇô env + plumbing &gt; throws if required env is missing" time="0.189623">
        </testcase>
        <testcase classname="src/services/graniteService.test.ts" name="generateRankedCandidates ÔÇô env + plumbing &gt; requests a token once (cached) and calls generateOnce N times from perCallInstructions" time="0.0399193">
        </testcase>
        <testcase classname="src/services/graniteService.test.ts" name="generateRankedCandidates ÔÇô env + plumbing &gt; drops failed generations and still returns a coverage-based shortlist (3ÔÇô6)" time="0.0125729">
        </testcase>
        <testcase classname="src/services/graniteService.test.ts" name="generateRankedCandidates ÔÇô env + plumbing &gt; respects preferCount within [minReturn, maxReturn] after coverage is met" time="0.0069955">
        </testcase>
    </testsuite>
    <testsuite name="src/app/hooks/__tests__/useLiveConversationSync.int.test.tsx" timestamp="2025-09-22T04:52:46.059Z" hostname="ArkPc" tests="2" failures="0" errors="0" skipped="0" time="0.0707666">
        <testcase classname="src/app/hooks/__tests__/useLiveConversationSync.int.test.tsx" name="useLiveConversationSync (integration) &gt; creates a live conversation on startNew and sends guest transcript" time="0.0419322">
        </testcase>
        <testcase classname="src/app/hooks/__tests__/useLiveConversationSync.int.test.tsx" name="useLiveConversationSync (integration) &gt; ui:voicegrid:click sends user message and dedupes same text across events" time="0.0214009">
        </testcase>
    </testsuite>
    <testsuite name="src/app/hooks/__tests__/useOnlineChat.int.test.tsx" timestamp="2025-09-22T04:52:46.060Z" hostname="ArkPc" tests="2" failures="0" errors="0" skipped="0" time="0.0838233">
        <testcase classname="src/app/hooks/__tests__/useOnlineChat.int.test.tsx" name="useOnlineChat (integration) &gt; subscribes to messages and sorts by sentAt (oldestÔåÆnewest)" time="0.0634912">
        </testcase>
        <testcase classname="src/app/hooks/__tests__/useOnlineChat.int.test.tsx" name="useOnlineChat (integration) &gt; switching conversation id re-subscribes to the new one" time="0.0142077">
        </testcase>
    </testsuite>
    <testsuite name="src/app/hooks/__tests__/useVoiceControl.int.test.tsx" timestamp="2025-09-22T04:52:46.060Z" hostname="ArkPc" tests="3" failures="0" errors="0" skipped="0" time="0.0687953">
        <testcase classname="src/app/hooks/__tests__/useVoiceControl.int.test.tsx" name="useVoiceControl ÔÇô finalize on silence integration &gt; starts listening, detects silence, stops listening, calls model, emits responses" time="0.048319">
            <system-out>
Context for AI: [ [32m&apos;guest: Hello there from mic&apos;[39m ]

AI responses: { candidates: [ { text: [32m&apos;Option A&apos;[39m } ], meta: { model_id: [32m&apos;test&apos;[39m } }

            </system-out>
        </testcase>
        <testcase classname="src/app/hooks/__tests__/useVoiceControl.int.test.tsx" name="useVoiceControl ÔÇô finalize on silence integration &gt; does nothing if browser STT unsupported" time="0.0066472">
        </testcase>
        <testcase classname="src/app/hooks/__tests__/useVoiceControl.int.test.tsx" name="useVoiceControl ÔÇô regenerate flow &gt; uses latest message and toggles loading around getCandidates" time="0.0088419">
        </testcase>
    </testsuite>
    <testsuite name="src/app/components/home/__tests__/VoiceControlBar.int.test.tsx" timestamp="2025-09-22T04:52:46.061Z" hostname="ArkPc" tests="2" failures="0" errors="0" skipped="0" time="0.1259826">
        <testcase classname="src/app/components/home/__tests__/VoiceControlBar.int.test.tsx" name="VoiceControlBar (integration) &gt; autoStart + Regenerate calls Granite and toggles loading" time="0.089529">
        </testcase>
        <testcase classname="src/app/components/home/__tests__/VoiceControlBar.int.test.tsx" name="VoiceControlBar (integration) &gt; speech ÔåÆ 2s silence ÔåÆ finalize: stops listening, calls Granite, shows transcript" time="0.0331254">
            <system-out>
Context for AI: [ [32m&apos;guest: Hello world&apos;[39m ]

AI responses: { candidates: [ { text: [32m&apos;Hi there&apos;[39m } ], meta: { model_id: [32m&apos;test&apos;[39m } }

            </system-out>
        </testcase>
    </testsuite>
</testsuites>
